Microsoft (R) Macro Assembler Version 14.24.28316.0	    03/09/20 22:21:56
%gamedev     (CS271_final_gamedev.asm			     Page 1 - 1


				TITLE gamedev     (CS271_final_gamedev.asm)

				; Author: 
				; Course / Project ID                 Date:
				; Description:

				INCLUDE Irvine32.inc
			      C ; Include file for Irvine32.lib             (Irvine32.inc)
			      C 
			      C ;OPTION CASEMAP:NONE		; optional: make identifiers case-sensitive
			      C 
			      C INCLUDE SmallWin.inc		; MS-Windows prototypes, structures, and constants
			      C .NOLIST
			      C .LIST
			      C 
			      C INCLUDE VirtualKeys.inc
			      C ; VirtualKeys.inc
			      C .NOLIST
			      C .LIST
			      C 
			      C 
			      C .NOLIST
			      C .LIST
			      C 
				INCLUDE Macros.inc
			      C .NOLIST
			      C .LIST
			      C 

 = 512				BUFFER_SIZE EQU <512>
 = 5				MAP_QTY     EQU <5>

 00000000			.data
 = 0dh, 0ah			endl        EQU <0dh, 0ah>                          ; End of Line Sequence
 00000000 40 27 73 20 41	gameTitle   BYTE "@'s Adventure", 0
	   64 76 65 6E 74
	   75 72 65 00
 0000000E 0000 0000 0028	consoleSize     SMALL_RECT <0, 0, 40, 20>
	   0014
 00000016 00000064		consoleCursor   CONSOLE_CURSOR_INFO <100, 0>        ; Set second Argument to 1 if want to see visible cursor
	   00000000

 0000001E  00000005 [		fileBuffer  BYTE MAP_QTY DUP(BUFFER_SIZE DUP (?))   ; Where the arrays of map file is stored
	    00000200 [
	     00
	    ]
	   ]
 00000A1E  00000200 [		curMap      BYTE BUFFER_SIZE DUP (?)                ; Current Map array is stored
	    00
	   ]
 00000C1E 00000000		curMapNum   DWORD 0                                 ; Current Map #
 00000C22 00000041		fileName    DWORD "A", 0                            ; File names, start from A~....Z
	   00000000
 00000C2A 00000000		fileHandle  HANDLE ?

 00000C2E 01			charX       BYTE    1                               ; Size of DL: 1 byte - starting xpos
 00000C2F 01			charY       BYTE    1                               ; Size of DH: 1 byte - starting ypos
 00000C30 40 00			char        BYTE    "@", 0                          ; Character
 00000C32 02			keyX        BYTE    2                                   ; Starting key xposition
 00000C33 06			keyY        BYTE    6                                   ; Starting key yposition
 00000C34 6B 00			keysymbol   BYTE    "k", 0                              ; Key
 00000C36 0F			stairX      BYTE    15                                  ; Starting stair xposition
 00000C37 02			stairY      BYTE    2                                   ; Starting stair yposition
 00000C38 53 00			stair       BYTE    "S", 0                              ; Stair
 00000C3A 0A			endla       BYTE    10                              ; endline character 0a
 00000C3B 0D			endld       BYTE    13                              ; endline character 0d
 00000C3C 23			sharp       BYTE    "#"                             ; sharp character
 00000C3D  0000000A [		inventory   BYTE    10 DUP(?)                       ; Inventory; arr of chars
	    00
	   ]
 00000C47 00000020		spaces      DWORD   ' ',0                          ; double space for inventory formatting
	   00000000
 00000C4F 2D 2D 2D 2D 2D	hline 		BYTE	"----------------", 0		        ; Line to separate inventory
	   2D 2D 2D 2D 2D
	   2D 2D 2D 2D 2D
	   2D 00
 00000C60 49 4E 56 45 4E	inventtitle	BYTE 	"INVENTORY", 0			            ; Inventory title
	   54 4F 52 59 00

 00000C6A 00000000		consoleHandle HANDLE 0
 00000C6E 00000000		bytesWritten DWORD ?

 00000000			.code

				;-------------------------------------------------------------------------------------
 00000000			DrawHorizLine	PROC 
				;
				;   Print a horizontal line to the terminal
				;   Receive:    hline
				;   Return:     none
				;------------------------------------------------------------------------------------- 
 00000000  BA 00000C4F R	        mov     EDX,    OFFSET  hline 	; load the hline variable
 00000005  E8 00000000 E	        call    WriteString 		; write the line
 0000000A  E8 00000000 E	        call    Crlf			; write newline
 0000000F			DrawHorizLine 	ENDP

				;-------------------------------------------------------------------------------------
 0000000F			PickUpItem  PROC
				;
				;   Grab an item below the user, and add to the their inventory
				;   Receive:    charX, charY, keyX, keyY, inventory
				;   Return:     changed keyX, keyY, and inventory
				;------------------------------------------------------------------------------------- 
 0000000F			chkX:    
 0000000F  A0 00000C2E R	    mov     al, charX
 00000014  3A 05 00000C32 R	    cmp     al,  keyX               ; if X coordinates match,
 0000001A  75 17		    jne     notsame
 0000001C			chkY:
 0000001C  A0 00000C2F R	    mov     al, charY
 00000021  3A 05 00000C33 R	    cmp     al,  keyY               ; and if Y coordinates also match,
 00000027  75 0A		    jne     notsame
				                                    ; if same x and y coordinates,
 00000029  A0 00000C34 R	    mov     al, keysymbol
 0000002E  A2 00000C3D R	    mov     [inventory],    al      ; add the key to the player's inventory

 00000033			    notsame:                        ; else do nothing
 00000033  C3			    ret
 00000034			PickUpItem  ENDP

				;-------------------------------------------------------------------------------------
 00000034			UnlockDoor  PROC
				;
				;   Apply a key (if in the inventory) to unlock the door
				;   Receive:    charX, charY, stairX, stairY, inventory
				;   Return:     changed inventory, changed map
				;------------------------------------------------------------------------------------- 
				                                        ; if coordinate of the player equals that of the stair,
 00000034			chkX:    
 00000034  A0 00000C2E R	    mov     al, charX
 00000039  3A 05 00000C36 R	    cmp     al, stairX                  ; if X-coordinate matches,
 0000003F  75 27		    jne     notsame
 00000041			chkY:
 00000041  A0 00000C2F R	    mov     al, charY
 00000046  3A 05 00000C37 R	    cmp     al, stairY                  ; and if Y-coordinate matches,
 0000004C  75 1A		    jne     notsame
				                                        ; if same x and y coordinates,
 0000004E			chkKey:                                 ; If the player has the key,
 0000004E  A0 00000C34 R	    mov     al, keysymbol
 00000053  3A 05 00000C3D R	    cmp     al,  [inventory]          ; if the key is in the first inventory position,
 00000059  75 0D		    jne     notsame
				    ; else, if at correct X and Y, and player has the key,
 0000005B  C6 05 00000C3D R	    mov     [inventory],  "?"          ; remove the key from the player's inventory
	   3F
 00000062  FF 05 00000C1E R	    inc     curMapNum                   ; move to the next map

 00000068			notsame:                                ; else do nothing
 00000068  C3			    ret

 00000069			UnlockDoor  ENDP





 00000069			main PROC

 00000069			Setup:
				    INVOKE  SetConsoleTitle, ADDR gameTitle
 00000069  68 00000000 R   *	    push   OFFSET gameTitle
 0000006E  E8 00000000 E   *	    call   SetConsoleTitleA
				    INVOKE  GetStdHandle, STD_OUTPUT_HANDLE
 00000073  6A F5	   *	    push    -00000000Bh
 00000075  E8 00000000 E   *	    call   GetStdHandle
 0000007A  A3 00000C6A R	    mov     consoleHandle, EAX

				    INVOKE  SetConsoleWindowInfo, 
				        consoleHandle,
				        TRUE,
				        ADDR consoleSize
 0000007F  68 0000000E R   *	    push   OFFSET consoleSize
 00000084  6A 01	   *	    push   +000000001h
 00000086  FF 35 00000C6A R *	    push   consoleHandle
 0000008C  E8 00000000 E   *	    call   SetConsoleWindowInfo

				    INVOKE  SetConsoleCursorInfo,
				        consoleHandle,
				        ADDR consoleCursor
 00000091  68 00000016 R   *	    push   OFFSET consoleCursor
 00000096  FF 35 00000C6A R *	    push   consoleHandle
 0000009C  E8 00000000 E   *	    call   SetConsoleCursorInfo

 000000A1  68 0000001E R	    push    OFFSET fileBuffer       ; Put @fileBuffer to stack as reference 
 000000A6  6A 05		    push    MAP_QTY                 ; Put MAP_QTY to stack as value
 000000A8  68 00000200		    push    BUFFER_SIZE             ; Put BUFFER_SIZE to stack as value
 000000AD  68 00000C22 R	    push    OFFSET fileName         ; Put fileName to stack as reference
 000000B2  E8 000000E2		    call    readMap                 ; Read Map files and store them in array

 000000B7  83 F8 00		    cmp     EAX, 0
 000000BA  0F 84 000000D2	    je      GameExit                ; Jump to GameExit if EAX = 0
				    

 000000C0			GameLoop:

 000000C0			DrawBackground:
				    ; Don't call Clrscr, as it is slow
 000000C0  B2 00		    mov     DL, 0
 000000C2  B6 00		    mov     DH, 0
 000000C4  E8 00000000 E	    call    Gotoxy

 000000C9  68 0000001E R	    push    OFFSET fileBuffer       ; Put @fileBuffer to stack as reference 
 000000CE  68 00000A1E R	    push    OFFSET curMap           ; Put @curMap to stack as reference
 000000D3  68 00000200		    push    BUFFER_SIZE             ; Put BUFFER_SIZE to stack as value 
 000000D8  FF 35 00000C1E R	    push    curMapNum               ; Put curMapNum to stack as value
 000000DE  E8 00000139		    call    drawMap                 ; Draw Map from array

 000000E3  60			pushad
 000000E4  68 00000C3D R	push    OFFSET inventory
 000000E9  E8 FFFFFF21		call    PickUpItem          ; Pick up the key if the user walks over it
 000000EE  61			popad

 000000EF  60			pushad
 000000F0  68 00000C3D R	push    OFFSET  inventory
 000000F5  E8 FFFFFF3A		call    UnlockDoor          ; Unlock the door if user has a key in their inventory
 000000FA  61			popad

				;-------------------------------------------------------------------------------------
 000000FB			DrawKey:
				;
				;   Draw the key on the map
				;   Receive:    keyX, keyY
				;   Return:     printed key
				;------------------------------------------------------------------------------------- 
 000000FB  8A 15 00000C32 R	    mov DL, keyX            ; X-coordinate
 00000101  8A 35 00000C33 R	    mov DH, keyY            ; Y-coordinate
 00000107  E8 00000000 E	    call    Gotoxy          ; locate cursor

				    INVOKE  WriteConsole,     ; Write character 'k'
				        consoleHandle,
				        ADDR    keysymbol,
				        1,
				        ADDR    bytesWritten, 
				        0
 0000010C  6A 00	   *	    push   +000000000h
 0000010E  68 00000C6E R   *	    push   OFFSET bytesWritten
 00000113  6A 01	   *	    push   +000000001h
 00000115  68 00000C34 R   *	    push   OFFSET keysymbol
 0000011A  FF 35 00000C6A R *	    push   consoleHandle
 00000120  E8 00000000 E   *	    call   WriteConsoleA

				;-------------------------------------------------------------------------------------
 00000125			DrawStair:
				;
				;   Draw the staircase on the map
				;   Receive:    stairX, stairY
				;   Return:     printed staircase
				;------------------------------------------------------------------------------------- 
 00000125  8A 15 00000C36 R	    mov DL, stairX            ; X-coordinate
 0000012B  8A 35 00000C37 R	    mov DH, stairY            ; Y-coordinate
 00000131  E8 00000000 E	    call    Gotoxy          ; locate cursor

				    INVOKE  WriteConsole,     ; Write character 'S'
				        consoleHandle,
				        ADDR    stair,
				        1,
				        ADDR    bytesWritten, 
				        0
 00000136  6A 00	   *	    push   +000000000h
 00000138  68 00000C6E R   *	    push   OFFSET bytesWritten
 0000013D  6A 01	   *	    push   +000000001h
 0000013F  68 00000C38 R   *	    push   OFFSET stair
 00000144  FF 35 00000C6A R *	    push   consoleHandle
 0000014A  E8 00000000 E   *	    call   WriteConsoleA

 0000014F			DrawCharacter:
 0000014F  8A 15 00000C2E R	    mov     DL, charX           ; X-Coordinate
 00000155  8A 35 00000C2F R	    mov     DH, charY           ; Y-Coordinate
 0000015B  E8 00000000 E	    call    Gotoxy              ; locate Cursor
				    
				    INVOKE WriteConsole,        ; Write character '@'
				        consoleHandle,
				        ADDR char,
				        1,
				        ADDR bytesWritten,
				        0
 00000160  6A 00	   *	    push   +000000000h
 00000162  68 00000C6E R   *	    push   OFFSET bytesWritten
 00000167  6A 01	   *	    push   +000000001h
 00000169  68 00000C30 R   *	    push   OFFSET char
 0000016E  FF 35 00000C6A R *	    push   consoleHandle
 00000174  E8 00000000 E   *	    call   WriteConsoleA

 00000179			DrawInv:
				    ;push    OFFSET inventory    ; push inventory offset into stack
				    ;push    LENGTHOF inventory  ; push count into stack
				    ;call    DrawInventory       ; Draw the inventory

 00000179			Key:
 00000179  68 00000A1E R	    push    OFFSET curMap       ; Put @curMap to stack as reference
 0000017E  68 00000200		    push    BUFFER_SIZE         ; Put BUFFER_SIZE to stack as value
 00000183  E8 00000112		    call    KeyInput            ; Read key and change coordinate
				                                ; Return 0 in EAX if Exiting, 1 in EAX if Continuing
 00000188  83 F8 00		    cmp     EAX, 0
 0000018B  74 05		    je      GameExit            ; Jump to GameExit if EAX = 0
 0000018D  E9 FFFFFF2E		    jmp     GameLoop            ; Jump to GameLoop if EAX = 1

 00000192			GameExit:
				    exit	                      ; exit to operating system
 00000192  6A 00	   *	    push   +000000000h
 00000194  E8 00000000 E   *	    call   ExitProcess

 00000199			main    ENDP

				;-------------------------------------------------------------------------------------
 00000199			readMap     PROC
				;
				;   Read Map from text file and store them in array
				;       Uses Register Indirect Mode 
				;   Receive:    fileBuffer, MAP_QTY, BUFFER_SIZE, filename
				;   Return:     EAX
				;------------------------------------------------------------------------------------- 
 00000199  55			    push    EBP
 0000019A  8B EC		    mov     EBP, ESP
 0000019C  60			    pushad
 0000019D  8B 7D 14		    mov     EDI, [EBP+20]       ; @Array
 000001A0  8B 4D 10		    mov     ECX, [EBP+16]       ; Map Quantity
 000001A3  8B 5D 08		    mov     EBX, [EBP+8]        ; fileName
 000001A6  BE 00000001		    mov     ESI, 1              ; Used to increment FileName

 000001AB			ReadMapFromFile:
 000001AB  51			    push ECX
 000001AC			    FileIO:
 000001AC  8B D3		        mov     EDX, EBX        ; Filename (A, B, C, ... , Qty-1)
 000001AE  E8 00000000 E	        call    OpenInputFile   ; Open the file
 000001B3  A3 00000C2A R	        mov     fileHandle, EAX ; Check how file went through
 000001B8  83 F8 FF		        cmp     EAX, INVALID_HANDLE_VALUE
 000001BB  75 07		        jne     fileOpened      ; Jump to next stage if opened
 000001BD  B8 00000000		        mov     EAX, 0
 000001C2  EB 54		        jmp     EndReading      ; Exit Procedure with EAX = 0, which Exit program

 000001C4			    fileOpened:
 000001C4  8B D7		        mov     EDX, EDI            ; Load Address of Array to EDX
 000001C6  8B 4D 0C		        mov     ECX, [EBP+12]       ; Load Buffer Size to ECX
 000001C9  E8 00000000 E	        call    ReadFromFile        ; Read from the file and store it to address of array with buffer size total
 000001CE  73 1A		        jnc     bufferSizeOK         
				        mWrite  <"Error reading File. ", 0dh, 0ah>
 00000C72		     1		.data		
 00000C72 45 72 72 6F 72     1		??0000 BYTE "Error reading File. ", 0dh, 0ah,0	
	   20 72 65 61 64
	   69 6E 67 20 46
	   69 6C 65 2E 20
	   0D 0A 00
 000001D0		     1		.code
 000001D0  52		     1		push	edx
 000001D1  BA 00000C72 R     1		mov	edx,OFFSET ??0000
 000001D6  E8 00000000 E     1		call	WriteString
 000001DB  5A		     1		pop	edx
 000001DC  EB 22		        jmp     fileClose

 000001DE			    checkBufferSize:
 000001DE  3B 45 0C		        cmp     EAX, [EBP+12]       ; Compare Actual Map Size
 000001E1  72 07		        jb      bufferSizeOK        ; Jump to Size display if below Buffer size
 000001E3  B8 00000000		        mov     EAX, 0
 000001E8  EB 2E		        jmp     EndReading          ; Exit Procedure with EAX = 0, which Exit program

 000001EA			    bufferSizeOK:
				        mWrite  "File size: "       ; Debug purpose. Displays the size of map file
 00000C89		     1		.data		
 00000C89 46 69 6C 65 20     1		??0001 BYTE "File size: ",0	
	   73 69 7A 65 3A
	   20 00
 000001EA		     1		.code
 000001EA  52		     1		push	edx
 000001EB  BA 00000C89 R     1		mov	edx,OFFSET ??0001
 000001F0  E8 00000000 E     1		call	WriteString
 000001F5  5A		     1		pop	edx
 000001F6  E8 00000000 E	        call    WriteDec
 000001FB  E8 00000000 E	        call    Crlf

 00000200			    fileClose:
 00000200  A1 00000C2A R	        mov     EAX, fileHandle
 00000205  E8 00000000 E	        call    CloseFile           ; Close opened file

 0000020A  03 7D 0C		    add     EDI, [EBP+12]           ; Increase current address pointing by Buffer size
 0000020D  01 33		    add     [EBX], ESI              ; Increase file name (A -> B, B -> C, .... )
 0000020F  59			    pop     ECX                     ; Pop ECX to continue counter
 00000210  E2 99		    loop    ReadMapFromFile         ; Loop back to reading


 00000212  61			    popad
 00000213  B8 00000001		    mov     EAX, 1
 00000218			EndReading:
				                                    ; Immediately end procedure if this Label is called
 00000218  5D			    pop     EBP
 00000219  C2 000C		    ret     12
 0000021C			readMap     ENDP
				;-------------------------------------------------------------------------------------


				;-------------------------------------------------------------------------------------
 0000021C			drawMap     PROC
				;
				;   Read Map from text file and store them in array
				;       Uses Register Indirect Mode 
				;   Receive:    fileBuffer, curMap, MAP_QTY, BUFFER_SIZE
				;   Return:     EAX
				;-------------------------------------------------------------------------------------
 0000021C  55			    push    EBP
 0000021D  8B EC		    mov     EBP, ESP
 0000021F  60			    pushad
 00000220  8B 7D 14		    mov     EDI, [EBP+20]       ; @fileBuffer
 00000223  8B 75 10		    mov     ESI, [EBP+16]       ; @curMap

 00000226  8B 45 0C		    mov     EAX, [EBP+12]       ; BUFFER_SIZE
 00000229  8B 5D 08		    mov     EBX, [EBP+8]        ; curMapNum
 0000022C  F7 E3		    mul     EBX                 ; EAX = curMapNum * BUFFER_SIZE

 0000022E  03 F8		    add     EDI, EAX            ; EDI is moved curMapNum * BUFFER_SIZE

 00000230  8B 45 0C		    mov     EAX, [EBP+12]       ; BUFFER_SIZE
 00000233  BB 00000004		    mov     EBX, 4              ; 4 to EBX
 00000238  99			    cdq
 00000239  F7 F3		    div     EBX                 ; BUFFER_SIZE / 4
 0000023B  8B C8		    mov     ECX, EAX            ; Set loop counter to EAX
				    
 0000023D			L1:
 0000023D  8B 07		    mov     EAX, [EDI]          ; Copy fileBuffer Array[i] to EAX
 0000023F  89 06		    mov     [ESI], EAX          ; Copy EAX to curMap Array[i]
 00000241  83 C7 04		    add     EDI, 4              ; Move on to next index
 00000244  83 C6 04		    add     ESI, 4              ; Move on to next index
 00000247  E2 F4		    loop    L1                  ; Loop to L1. Copies fileBuffer to curMap

 00000249  8B 75 10		    mov     ESI, [EBP+16]       ; @curMap array[0]
 0000024C  8B D6		    mov     EDX, ESI            ; Move it to display string
 0000024E  E8 00000000 E	    call    WriteString
				    
 00000253  61			    popad
 00000254  5D			    pop     EBP
 00000255  C2 0010		    ret     16
 00000258			drawMap     ENDP
				;-------------------------------------------------------------------------------------


				;-------------------------------------------------------------------------------------
 00000258			DrawInventory   PROC
				;
				;   Draw the user inventory as a horizontal array 
				;   Receive:    OFFSET list, LENGTHOF list
				;   Return:     none
				;------------------------------------------------------------------------------------- 
 00000258  60			    pushad
 00000259  B2 00		    mov DL, 0
 0000025B  B6 0A		    mov DH, 10
 0000025D  E8 00000000 E	    call Gotoxy
 00000262  E8 00000000 E		call    Crlf
					; call 	DrawHorizLine 	
 00000267  BA 00000C60 R	    mov     EDX,    OFFSET  inventtitle 		; ask if they'd like to make another calculation
 0000026C  E8 00000000 E	    call    WriteString				; draw inventory title
 00000271  E8 00000000 E	    call    Crlf
				    ; call 	DrawHorizLine
 00000276  E8 00000000 E		call 	Crlf
 0000027B  61			    popad

					; implement for-loop to loop through inventory items and print each one
 0000027C  55			    push    ebp
 0000027D  8B EC		    mov ebp,    esp         ; preserve ebp
 0000027F  8B 75 0C		    mov esi,    [ebp+12]     ; address of inventory in esi; size of each element in the inventory * 3
 00000282  8B 4D 08		    mov ecx,    [ebp+8]     ; count in ecx
 00000285			    forloop:
 00000285  8B 06		        mov eax,    [esi]    ; move the current element into the eax register
 00000287  E8 00000000 E	        call    WriteString    ; write it out to the terminal
				        ; call    DrawSpaces
 0000028C  83 C6 02		        add     esi,    2   ; increment the instruction pointer
 0000028F  E2 F4		        loop    forloop     ; loop
 00000291  5D			    pop ebp
 00000292  E8 00000000 E		call 	Crlf
 00000297  C2 0008		    ret 8
 0000029A			DrawInventory   ENDP
				;-------------------------------------------------------------------------------------


				;-------------------------------------------------------------------------------------
 0000029A			KeyInput    PROC
				;
				;   Read Key Input and move character's coordination.
				;       Return 1 to EAX if continuing, 0 if Exiting Game
				;   Receive:    charX, charY
				;   Return:     EAX
				;-------------------------------------------------------------------------------------
 0000029A			    KeyInputLoop:
 0000029A  B8 0000000A		        mov     EAX, 10         ; Delay time
 0000029F  E8 00000000 E	        call    Delay           ; Delay
 000002A4  E8 00000000 E	        call    ReadKey         ; Read Key input
 000002A9  74 EF		        jz      KeyInputLoop    ; Jump back to KeyInputLoop if there is no key input

 000002AB			    LeftKeyCheck:           
 000002AB  66| 83 FA 25		        cmp     dx, VK_LEFT     ; Check if Left Arrow key is pressed
 000002AF  75 1A		        jne     UpKeyCheck
 000002B1  80 2D 00000C2E R	        sub     charX, 1        ; Move character one space to the left
	   01

 000002B8  E8 00000085		        call    checkWall
 000002BD  83 F8 01		        cmp     EAX, 1
 000002C0  75 78		        jne     KeyInputEnd
 000002C2  80 05 00000C2E R	        add     charX, 1
	   01
 000002C9  EB 6F		        jmp     KeyInputEnd

 000002CB			    UpKeyCheck:
 000002CB  66| 83 FA 26		        cmp     dx, VK_UP       ; Check if Up Arrow key is pressed
 000002CF  75 1A		        jne     RightKeyCheck
 000002D1  80 2D 00000C2F R	        sub     charY, 1        ; Move character one space up
	   01

 000002D8  E8 00000065		        call    checkWall
 000002DD  83 F8 01		        cmp     EAX, 1
 000002E0  75 58		        jne     KeyInputEnd
 000002E2  80 05 00000C2F R	        add     charY, 1
	   01
 000002E9  EB 4F		        jmp     KeyInputEnd

 000002EB			    RightKeyCheck:
 000002EB  66| 83 FA 27		        cmp     dx, VK_RIGHT    ; Check if Right Arrow key is pressed
 000002EF  75 1A		        jne     DownKeyCheck
 000002F1  80 05 00000C2E R	        add     charX, 1        ; Move character one space to the right
	   01

 000002F8  E8 00000045		        call    checkWall
 000002FD  83 F8 01		        cmp     EAX, 1
 00000300  75 38		        jne     KeyInputEnd
 00000302  80 2D 00000C2E R	        sub     charX, 1
	   01
 00000309  EB 2F		        jmp     KeyInputEnd

 0000030B			    DownKeyCheck:
 0000030B  66| 83 FA 28		        cmp     dx, VK_DOWN     ; Check if Down Arrow key is pressed
 0000030F  75 1A		        jne     EscapeKeyCheck
 00000311  80 05 00000C2F R	        add     charY, 1        ; Move character one space down
	   01

 00000318  E8 00000025		        call    checkWall
 0000031D  83 F8 01		        cmp     EAX, 1
 00000320  75 18		        jne     KeyInputEnd
 00000322  80 2D 00000C2F R	        sub     charY, 1
	   01
 00000329  EB 0F		        jmp     KeyInputEnd

 0000032B			    EscapeKeyCheck:
 0000032B  66| 83 FA 1B		        cmp     dx, VK_ESCAPE
 0000032F  75 07		        jne     OtherKeyPressed
 00000331  B8 00000000		        mov     EAX, 0          ; Set EAX to 0, signifying Exit
				                                ; Does not Flush, since the game will Exit
 00000336  EB 07		        jmp     EndInput

 00000338			    OtherKeyPressed: 
 00000338  EB 00		        jmp     KeyInputEnd     ; Ignore invalid input

 0000033A			    KeyInputEnd:                ; Move has been made
				        INVOKE  ReadKeyFlush    ; Clear the current key
 0000033A  E8 00000000 E   *	    call   ReadKeyFlush
				                                ; Set EAX to 1, signifying Continue

 0000033F			    EndInput:
 0000033F  C2 0008		        ret     8
 00000342			KeyInput    ENDP
				;-------------------------------------------------------------------------------------


				;-------------------------------------------------------------------------------------
 00000342			checkWall PROC      
				;
				;   Check if there is wall at the player's coordinate
				;       Return 0 to EAX if there is no wall, 1 if exist
				;   Receive:    curMap, BUFFER_SIZE, charX, charY
				;   Return:     EAX
				;-------------------------------------------------------------------------------------
 00000342  55			    push    EBP
 00000343  8B EC		    mov     EBP, ESP
 00000345  60			    pushad
 00000346  8B 7D 10		    mov     EDI, [EBP+16]       ; @curMap


 00000349  B8 00000000		    mov     EAX, 0              ; Reset EAX to 0
 0000034E  A0 00000C2F R	    mov     AL, charY           ; Move charY to AL
 00000353  8B C8		    mov     ECX, EAX            ; Move EAX to ECX : charY -> ECX
 00000355  83 F9 00		    cmp     ECX, 0              ; If ECX == 0, skips whole part
 00000358  74 0C		    je      L15
 0000035A  B0 0A		    mov     AL, 10              ; ASCII code for end of line 0a

 0000035C			L1:
 0000035C  51			    push    ECX                 ; Save ECX
 0000035D  8B 4D 0C		    mov     ECX, [EBP+12]       ; Buffer Size of ECX
 00000360  FC			    cld
 00000361  F2/ AE		    repne   scasb               ; Repeat until finding AL
 00000363  59			    pop     ECX                 ; Load ECX
 00000364  E2 F6		    loop    L1

 00000366			L15:
 00000366  B8 00000000		    mov     EAX, 0              ; Reset EAX
 0000036B  A0 00000C2E R	    mov     AL, charX           
 00000370  8B C8		    mov     ECX, EAX            ; charX -> ECX
 00000372  8B F7		    mov     ESI, EDI            ; @curMap from EDI to ESI
 00000374  83 F9 00		    cmp     ECX, 0              ; If charX == 0, skips whole part
 00000377  74 09		    je      L25
 00000379  83 F9 01		    cmp     ECX, 1              ; If charX == 1, ESI does not decrease
 0000037C  74 01		    je      L2
 0000037E  4E			    dec     ESI

 0000037F			L2:
 0000037F  AC			    lodsb                       ; Load BYTE at ESI to EAX, increment ESI by 1.
 00000380  E2 FD		    loop    L2
				    
 00000382			L25:
 00000382  BF 00000C3C R	    mov     EDI, OFFSET sharp   ; Move @sharp to EDI
 00000387  A6			    cmpsb                       ; Compare value at ESI and EDI. If ESI has 23
 00000388  74 18		    je      L3
 0000038A  BF 00000C3A R	    mov     EDI, OFFSET endla   ; Move @endla to EDI
 0000038F  A6			    cmpsb                       ; Compare value at ESI and EDI. If ESI has 0a
 00000390  74 10		    je      L3
 00000392  BF 00000C3B R	    mov     EDI, OFFSET endld   ; Move @endld to EDI
 00000397  A6			    cmpsb                       ; Compare value at ESI and EDI. If ESI has 0d
 00000398  74 08		    je      L3

 0000039A  61			    popad
 0000039B  B8 00000000		    mov     EAX, 0              ; The wall or 0a, 0d does not exist at coordinate
 000003A0  EB 06		    jmp     L4

 000003A2			L3:
 000003A2  61			    popad
 000003A3  B8 00000001		    mov     EAX, 1              ; The wall or 0a, 0d exist at coordinate
 000003A8			L4:
 000003A8  5D			    pop     EBP
 000003A9  C3			    ret     
 000003AA			checkWall ENDP
				;-------------------------------------------------------------------------------------

				END main
Microsoft (R) Macro Assembler Version 14.24.28316.0	    03/09/20 22:21:56
%gamedev     (CS271_final_gamedev.asm			     Symbols 2 - 1




Macros:

                N a m e                 Type

IsDefined  . . . . . . . . . . .	Func
Startup  . . . . . . . . . . . .	Proc
mDumpMem . . . . . . . . . . . .	Proc
mDump  . . . . . . . . . . . . .	Proc
mGotoxy  . . . . . . . . . . . .	Proc
mReadString  . . . . . . . . . .	Proc
mShowRegister  . . . . . . . . .	Proc
mShow  . . . . . . . . . . . . .	Proc
mWriteLn . . . . . . . . . . . .	Proc
mWriteSpace  . . . . . . . . . .	Proc
mWriteString . . . . . . . . . .	Proc
mWrite . . . . . . . . . . . . .	Proc


Structures and Unions:

                N a m e                  Size
                                         Offset      Type

CONSOLE_CURSOR_INFO  . . . . . .	 00000008
  dwSize . . . . . . . . . . . .	 00000000	 DWord
  bVisible . . . . . . . . . . .	 00000004	 DWord
CONSOLE_SCREEN_BUFFER_INFO . . .	 00000016
  dwSize . . . . . . . . . . . .	 00000000	 DWord
  dwCursorPosition . . . . . . .	 00000004	 DWord
  wAttributes  . . . . . . . . .	 00000008	 Word
  srWindow . . . . . . . . . . .	 0000000A	 QWord
  dwMaximumWindowSize  . . . . .	 00000012	 DWord
COORD  . . . . . . . . . . . . .	 00000004
  X  . . . . . . . . . . . . . .	 00000000	 Word
  Y  . . . . . . . . . . . . . .	 00000002	 Word
FILETIME . . . . . . . . . . . .	 00000008
  loDateTime . . . . . . . . . .	 00000000	 DWord
  hiDateTime . . . . . . . . . .	 00000004	 DWord
FOCUS_EVENT_RECORD . . . . . . .	 00000004
  bSetFocus  . . . . . . . . . .	 00000000	 DWord
FPU_ENVIRON  . . . . . . . . . .	 0000001C
  controlWord  . . . . . . . . .	 00000000	 Word
  statusWord . . . . . . . . . .	 00000004	 Word
  tagWord  . . . . . . . . . . .	 00000008	 Word
  instrPointerOffset . . . . . .	 0000000C	 DWord
  instrPointerSelector . . . . .	 00000010	 DWord
  operandPointerOffset . . . . .	 00000014	 DWord
  operandPointerSelector . . . .	 00000018	 Word
INPUT_RECORD . . . . . . . . . .	 00000014
  EventType  . . . . . . . . . .	 00000000	 Word
  Event  . . . . . . . . . . . .	 00000004	 XmmWord
  bKeyDown . . . . . . . . . . .	 00000000	 DWord
  wRepeatCount . . . . . . . . .	 00000004	 Word
  wVirtualKeyCode  . . . . . . .	 00000006	 Word
  wVirtualScanCode . . . . . . .	 00000008	 Word
  uChar  . . . . . . . . . . . .	 0000000A	 Word
  UnicodeChar  . . . . . . . . .	 00000000	 Word
  AsciiChar  . . . . . . . . . .	 00000000	 Byte
  dwControlKeyState  . . . . . .	 0000000C	 DWord
  dwMousePosition  . . . . . . .	 00000000	 DWord
  dwButtonState  . . . . . . . .	 00000004	 DWord
  dwMouseControlKeyState . . . .	 00000008	 DWord
  dwEventFlags . . . . . . . . .	 0000000C	 DWord
  dwSize . . . . . . . . . . . .	 00000000	 DWord
  dwCommandId  . . . . . . . . .	 00000000	 DWord
  bSetFocus  . . . . . . . . . .	 00000000	 DWord
KEY_EVENT_RECORD . . . . . . . .	 00000010
  bKeyDown . . . . . . . . . . .	 00000000	 DWord
  wRepeatCount . . . . . . . . .	 00000004	 Word
  wVirtualKeyCode  . . . . . . .	 00000006	 Word
  wVirtualScanCode . . . . . . .	 00000008	 Word
  uChar  . . . . . . . . . . . .	 0000000A	 Word
  UnicodeChar  . . . . . . . . .	 00000000	 Word
  AsciiChar  . . . . . . . . . .	 00000000	 Byte
  dwControlKeyState  . . . . . .	 0000000C	 DWord
MENU_EVENT_RECORD  . . . . . . .	 00000004
  dwCommandId  . . . . . . . . .	 00000000	 DWord
MOUSE_EVENT_RECORD . . . . . . .	 00000010
  dwMousePosition  . . . . . . .	 00000000	 DWord
  dwButtonState  . . . . . . . .	 00000004	 DWord
  dwMouseControlKeyState . . . .	 00000008	 DWord
  dwEventFlags . . . . . . . . .	 0000000C	 DWord
SMALL_RECT . . . . . . . . . . .	 00000008
  Left . . . . . . . . . . . . .	 00000000	 Word
  Top  . . . . . . . . . . . . .	 00000002	 Word
  Right  . . . . . . . . . . . .	 00000004	 Word
  Bottom . . . . . . . . . . . .	 00000006	 Word
SYSTEMTIME . . . . . . . . . . .	 00000010
  wYear  . . . . . . . . . . . .	 00000000	 Word
  wMonth . . . . . . . . . . . .	 00000002	 Word
  wDayOfWeek . . . . . . . . . .	 00000004	 Word
  wDay . . . . . . . . . . . . .	 00000006	 Word
  wHour  . . . . . . . . . . . .	 00000008	 Word
  wMinute  . . . . . . . . . . .	 0000000A	 Word
  wSecond  . . . . . . . . . . .	 0000000C	 Word
  wMilliseconds  . . . . . . . .	 0000000E	 Word
WINDOW_BUFFER_SIZE_RECORD  . . .	 00000004
  dwSize . . . . . . . . . . . .	 00000000	 DWord


Segments and Groups:

                N a m e                 Size     Length   Align   Combine Class

FLAT . . . . . . . . . . . . . .	GROUP
STACK  . . . . . . . . . . . . .	32 Bit	 00001000 Para	  Stack	  'STACK'	 
_DATA  . . . . . . . . . . . . .	32 Bit	 00000C95 Para	  Public  'DATA'	
_TEXT  . . . . . . . . . . . . .	32 Bit	 000003AA Para	  Public  'CODE'	


Procedures, parameters, and locals:

                N a m e                 Type     Value    Attr

CloseFile  . . . . . . . . . . .	P Near	 00000000 FLAT	Length= 00000000 External STDCALL
CloseHandle  . . . . . . . . . .	P Near	 00000000 FLAT	Length= 00000000 External STDCALL
Clrscr . . . . . . . . . . . . .	P Near	 00000000 FLAT	Length= 00000000 External STDCALL
CreateFileA  . . . . . . . . . .	P Near	 00000000 FLAT	Length= 00000000 External STDCALL
CreateOutputFile . . . . . . . .	P Near	 00000000 FLAT	Length= 00000000 External STDCALL
Crlf . . . . . . . . . . . . . .	P Near	 00000000 FLAT	Length= 00000000 External STDCALL
Delay  . . . . . . . . . . . . .	P Near	 00000000 FLAT	Length= 00000000 External STDCALL
DrawHorizLine  . . . . . . . . .	P Near	 00000000 _TEXT	Length= 0000000F Public STDCALL
DrawInventory  . . . . . . . . .	P Near	 00000258 _TEXT	Length= 00000042 Public STDCALL
  forloop  . . . . . . . . . . .	L Near	 00000285 _TEXT	
DumpMem  . . . . . . . . . . . .	P Near	 00000000 FLAT	Length= 00000000 External STDCALL
DumpRegs . . . . . . . . . . . .	P Near	 00000000 FLAT	Length= 00000000 External STDCALL
ExitProcess  . . . . . . . . . .	P Near	 00000000 FLAT	Length= 00000000 External STDCALL
FileTimeToDosDateTime  . . . . .	P Near	 00000000 FLAT	Length= 00000000 External STDCALL
FileTimeToSystemTime . . . . . .	P Near	 00000000 FLAT	Length= 00000000 External STDCALL
FlushConsoleInputBuffer  . . . .	P Near	 00000000 FLAT	Length= 00000000 External STDCALL
FormatMessageA . . . . . . . . .	P Near	 00000000 FLAT	Length= 00000000 External STDCALL
GetCommandLineA  . . . . . . . .	P Near	 00000000 FLAT	Length= 00000000 External STDCALL
GetCommandTail . . . . . . . . .	P Near	 00000000 FLAT	Length= 00000000 External STDCALL
GetConsoleCP . . . . . . . . . .	P Near	 00000000 FLAT	Length= 00000000 External STDCALL
GetConsoleCursorInfo . . . . . .	P Near	 00000000 FLAT	Length= 00000000 External STDCALL
GetConsoleMode . . . . . . . . .	P Near	 00000000 FLAT	Length= 00000000 External STDCALL
GetConsoleScreenBufferInfo . . .	P Near	 00000000 FLAT	Length= 00000000 External STDCALL
GetDateTime  . . . . . . . . . .	P Near	 00000000 FLAT	Length= 00000000 External STDCALL
GetFileTime  . . . . . . . . . .	P Near	 00000000 FLAT	Length= 00000000 External STDCALL
GetKeyState  . . . . . . . . . .	P Near	 00000000 FLAT	Length= 00000000 External STDCALL
GetLastError . . . . . . . . . .	P Near	 00000000 FLAT	Length= 00000000 External STDCALL
GetLocalTime . . . . . . . . . .	P Near	 00000000 FLAT	Length= 00000000 External STDCALL
GetMaxXY . . . . . . . . . . . .	P Near	 00000000 FLAT	Length= 00000000 External STDCALL
GetMseconds  . . . . . . . . . .	P Near	 00000000 FLAT	Length= 00000000 External STDCALL
GetNumberOfConsoleInputEvents  .	P Near	 00000000 FLAT	Length= 00000000 External STDCALL
GetProcessHeap . . . . . . . . .	P Near	 00000000 FLAT	Length= 00000000 External STDCALL
GetStdHandle . . . . . . . . . .	P Near	 00000000 FLAT	Length= 00000000 External STDCALL
GetSystemTime  . . . . . . . . .	P Near	 00000000 FLAT	Length= 00000000 External STDCALL
GetTextColor . . . . . . . . . .	P Near	 00000000 FLAT	Length= 00000000 External STDCALL
GetTickCount . . . . . . . . . .	P Near	 00000000 FLAT	Length= 00000000 External STDCALL
Gotoxy . . . . . . . . . . . . .	P Near	 00000000 FLAT	Length= 00000000 External STDCALL
HeapAlloc  . . . . . . . . . . .	P Near	 00000000 FLAT	Length= 00000000 External STDCALL
HeapCreate . . . . . . . . . . .	P Near	 00000000 FLAT	Length= 00000000 External STDCALL
HeapDestroy  . . . . . . . . . .	P Near	 00000000 FLAT	Length= 00000000 External STDCALL
HeapFree . . . . . . . . . . . .	P Near	 00000000 FLAT	Length= 00000000 External STDCALL
HeapSize . . . . . . . . . . . .	P Near	 00000000 FLAT	Length= 00000000 External STDCALL
IsDigit  . . . . . . . . . . . .	P Near	 00000000 FLAT	Length= 00000000 External STDCALL
KeyInput . . . . . . . . . . . .	P Near	 0000029A _TEXT	Length= 000000A8 Public STDCALL
  KeyInputLoop . . . . . . . . .	L Near	 0000029A _TEXT	
  LeftKeyCheck . . . . . . . . .	L Near	 000002AB _TEXT	
  UpKeyCheck . . . . . . . . . .	L Near	 000002CB _TEXT	
  RightKeyCheck  . . . . . . . .	L Near	 000002EB _TEXT	
  DownKeyCheck . . . . . . . . .	L Near	 0000030B _TEXT	
  EscapeKeyCheck . . . . . . . .	L Near	 0000032B _TEXT	
  OtherKeyPressed  . . . . . . .	L Near	 00000338 _TEXT	
  KeyInputEnd  . . . . . . . . .	L Near	 0000033A _TEXT	
  EndInput . . . . . . . . . . .	L Near	 0000033F _TEXT	
LocalFree  . . . . . . . . . . .	P Near	 00000000 FLAT	Length= 00000000 External STDCALL
MessageBoxA  . . . . . . . . . .	P Near	 00000000 FLAT	Length= 00000000 External STDCALL
MsgBoxAsk  . . . . . . . . . . .	P Near	 00000000 FLAT	Length= 00000000 External STDCALL
MsgBox . . . . . . . . . . . . .	P Near	 00000000 FLAT	Length= 00000000 External STDCALL
OpenInputFile  . . . . . . . . .	P Near	 00000000 FLAT	Length= 00000000 External STDCALL
ParseDecimal32 . . . . . . . . .	P Near	 00000000 FLAT	Length= 00000000 External STDCALL
ParseInteger32 . . . . . . . . .	P Near	 00000000 FLAT	Length= 00000000 External STDCALL
PeekConsoleInputA  . . . . . . .	P Near	 00000000 FLAT	Length= 00000000 External STDCALL
PickUpItem . . . . . . . . . . .	P Near	 0000000F _TEXT	Length= 00000025 Public STDCALL
  chkX . . . . . . . . . . . . .	L Near	 0000000F _TEXT	
  chkY . . . . . . . . . . . . .	L Near	 0000001C _TEXT	
  notsame  . . . . . . . . . . .	L Near	 00000033 _TEXT	
Random32 . . . . . . . . . . . .	P Near	 00000000 FLAT	Length= 00000000 External STDCALL
RandomRange  . . . . . . . . . .	P Near	 00000000 FLAT	Length= 00000000 External STDCALL
Randomize  . . . . . . . . . . .	P Near	 00000000 FLAT	Length= 00000000 External STDCALL
ReadChar . . . . . . . . . . . .	P Near	 00000000 FLAT	Length= 00000000 External STDCALL
ReadConsoleA . . . . . . . . . .	P Near	 00000000 FLAT	Length= 00000000 External STDCALL
ReadConsoleInputA  . . . . . . .	P Near	 00000000 FLAT	Length= 00000000 External STDCALL
ReadDec  . . . . . . . . . . . .	P Near	 00000000 FLAT	Length= 00000000 External STDCALL
ReadFile . . . . . . . . . . . .	P Near	 00000000 FLAT	Length= 00000000 External STDCALL
ReadFloat  . . . . . . . . . . .	P Near	 00000000 FLAT	Length= 00000000 External STDCALL
ReadFromFile . . . . . . . . . .	P Near	 00000000 FLAT	Length= 00000000 External STDCALL
ReadHex  . . . . . . . . . . . .	P Near	 00000000 FLAT	Length= 00000000 External STDCALL
ReadInt  . . . . . . . . . . . .	P Near	 00000000 FLAT	Length= 00000000 External STDCALL
ReadKeyFlush . . . . . . . . . .	P Near	 00000000 FLAT	Length= 00000000 External STDCALL
ReadKey  . . . . . . . . . . . .	P Near	 00000000 FLAT	Length= 00000000 External STDCALL
ReadString . . . . . . . . . . .	P Near	 00000000 FLAT	Length= 00000000 External STDCALL
SetConsoleCursorInfo . . . . . .	P Near	 00000000 FLAT	Length= 00000000 External STDCALL
SetConsoleCursorPosition . . . .	P Near	 00000000 FLAT	Length= 00000000 External STDCALL
SetConsoleMode . . . . . . . . .	P Near	 00000000 FLAT	Length= 00000000 External STDCALL
SetConsoleScreenBufferSize . . .	P Near	 00000000 FLAT	Length= 00000000 External STDCALL
SetConsoleTextAttribute  . . . .	P Near	 00000000 FLAT	Length= 00000000 External STDCALL
SetConsoleTitleA . . . . . . . .	P Near	 00000000 FLAT	Length= 00000000 External STDCALL
SetConsoleWindowInfo . . . . . .	P Near	 00000000 FLAT	Length= 00000000 External STDCALL
SetFilePointer . . . . . . . . .	P Near	 00000000 FLAT	Length= 00000000 External STDCALL
SetLocalTime . . . . . . . . . .	P Near	 00000000 FLAT	Length= 00000000 External STDCALL
SetTextColor . . . . . . . . . .	P Near	 00000000 FLAT	Length= 00000000 External STDCALL
ShowFPUStack . . . . . . . . . .	P Near	 00000000 FLAT	Length= 00000000 External STDCALL
Sleep  . . . . . . . . . . . . .	P Near	 00000000 FLAT	Length= 00000000 External STDCALL
StrLength  . . . . . . . . . . .	P Near	 00000000 FLAT	Length= 00000000 External STDCALL
Str_compare  . . . . . . . . . .	P Near	 00000000 FLAT	Length= 00000000 External STDCALL
Str_copy . . . . . . . . . . . .	P Near	 00000000 FLAT	Length= 00000000 External STDCALL
Str_length . . . . . . . . . . .	P Near	 00000000 FLAT	Length= 00000000 External STDCALL
Str_trim . . . . . . . . . . . .	P Near	 00000000 FLAT	Length= 00000000 External STDCALL
Str_ucase  . . . . . . . . . . .	P Near	 00000000 FLAT	Length= 00000000 External STDCALL
SystemTimeToFileTime . . . . . .	P Near	 00000000 FLAT	Length= 00000000 External STDCALL
UnlockDoor . . . . . . . . . . .	P Near	 00000034 _TEXT	Length= 00000035 Public STDCALL
  chkX . . . . . . . . . . . . .	L Near	 00000034 _TEXT	
  chkY . . . . . . . . . . . . .	L Near	 00000041 _TEXT	
  chkKey . . . . . . . . . . . .	L Near	 0000004E _TEXT	
  notsame  . . . . . . . . . . .	L Near	 00000068 _TEXT	
WaitMsg  . . . . . . . . . . . .	P Near	 00000000 FLAT	Length= 00000000 External STDCALL
WriteBinB  . . . . . . . . . . .	P Near	 00000000 FLAT	Length= 00000000 External STDCALL
WriteBin . . . . . . . . . . . .	P Near	 00000000 FLAT	Length= 00000000 External STDCALL
WriteChar  . . . . . . . . . . .	P Near	 00000000 FLAT	Length= 00000000 External STDCALL
WriteConsoleA  . . . . . . . . .	P Near	 00000000 FLAT	Length= 00000000 External STDCALL
WriteConsoleOutputAttribute  . .	P Near	 00000000 FLAT	Length= 00000000 External STDCALL
WriteConsoleOutputCharacterA . .	P Near	 00000000 FLAT	Length= 00000000 External STDCALL
WriteDec . . . . . . . . . . . .	P Near	 00000000 FLAT	Length= 00000000 External STDCALL
WriteFile  . . . . . . . . . . .	P Near	 00000000 FLAT	Length= 00000000 External STDCALL
WriteFloat . . . . . . . . . . .	P Near	 00000000 FLAT	Length= 00000000 External STDCALL
WriteHexB  . . . . . . . . . . .	P Near	 00000000 FLAT	Length= 00000000 External STDCALL
WriteHex . . . . . . . . . . . .	P Near	 00000000 FLAT	Length= 00000000 External STDCALL
WriteInt . . . . . . . . . . . .	P Near	 00000000 FLAT	Length= 00000000 External STDCALL
WriteStackFrameName  . . . . . .	P Near	 00000000 FLAT	Length= 00000000 External STDCALL
WriteStackFrame  . . . . . . . .	P Near	 00000000 FLAT	Length= 00000000 External STDCALL
WriteString  . . . . . . . . . .	P Near	 00000000 FLAT	Length= 00000000 External STDCALL
WriteToFile  . . . . . . . . . .	P Near	 00000000 FLAT	Length= 00000000 External STDCALL
WriteWindowsMsg  . . . . . . . .	P Near	 00000000 FLAT	Length= 00000000 External STDCALL
checkWall  . . . . . . . . . . .	P Near	 00000342 _TEXT	Length= 00000068 Public STDCALL
  L1 . . . . . . . . . . . . . .	L Near	 0000035C _TEXT	
  L15  . . . . . . . . . . . . .	L Near	 00000366 _TEXT	
  L2 . . . . . . . . . . . . . .	L Near	 0000037F _TEXT	
  L25  . . . . . . . . . . . . .	L Near	 00000382 _TEXT	
  L3 . . . . . . . . . . . . . .	L Near	 000003A2 _TEXT	
  L4 . . . . . . . . . . . . . .	L Near	 000003A8 _TEXT	
drawMap  . . . . . . . . . . . .	P Near	 0000021C _TEXT	Length= 0000003C Public STDCALL
  L1 . . . . . . . . . . . . . .	L Near	 0000023D _TEXT	
main . . . . . . . . . . . . . .	P Near	 00000069 _TEXT	Length= 00000130 Public STDCALL
  Setup  . . . . . . . . . . . .	L Near	 00000069 _TEXT	
  GameLoop . . . . . . . . . . .	L Near	 000000C0 _TEXT	
  DrawBackground . . . . . . . .	L Near	 000000C0 _TEXT	
  DrawKey  . . . . . . . . . . .	L Near	 000000FB _TEXT	
  DrawStair  . . . . . . . . . .	L Near	 00000125 _TEXT	
  DrawCharacter  . . . . . . . .	L Near	 0000014F _TEXT	
  DrawInv  . . . . . . . . . . .	L Near	 00000179 _TEXT	
  Key  . . . . . . . . . . . . .	L Near	 00000179 _TEXT	
  GameExit . . . . . . . . . . .	L Near	 00000192 _TEXT	
printf . . . . . . . . . . . . .	P Near	 00000000 FLAT	Length= 00000000 External C
readMap  . . . . . . . . . . . .	P Near	 00000199 _TEXT	Length= 00000083 Public STDCALL
  ReadMapFromFile  . . . . . . .	L Near	 000001AB _TEXT	
  FileIO . . . . . . . . . . . .	L Near	 000001AC _TEXT	
  fileOpened . . . . . . . . . .	L Near	 000001C4 _TEXT	
  checkBufferSize  . . . . . . .	L Near	 000001DE _TEXT	
  bufferSizeOK . . . . . . . . .	L Near	 000001EA _TEXT	
  fileClose  . . . . . . . . . .	L Near	 00000200 _TEXT	
  EndReading . . . . . . . . . .	L Near	 00000218 _TEXT	
scanf  . . . . . . . . . . . . .	P Near	 00000000 FLAT	Length= 00000000 External C
wsprintfA  . . . . . . . . . . .	P Near	 00000000 FLAT	Length= 00000000 External C


Symbols:

                N a m e                 Type     Value    Attr

??0000 . . . . . . . . . . . . .	Byte	 00000C72 _DATA	
??0001 . . . . . . . . . . . . .	Byte	 00000C89 _DATA	
@CodeSize  . . . . . . . . . . .	Number	 00000000h   
@DataSize  . . . . . . . . . . .	Number	 00000000h   
@Interface . . . . . . . . . . .	Number	 00000003h   
@Model . . . . . . . . . . . . .	Number	 00000007h   
@code  . . . . . . . . . . . . .	Text   	 _TEXT
@data  . . . . . . . . . . . . .	Text   	 FLAT
@fardata?  . . . . . . . . . . .	Text   	 FLAT
@fardata . . . . . . . . . . . .	Text   	 FLAT
@stack . . . . . . . . . . . . .	Text   	 FLAT
ALT_MASK . . . . . . . . . . . .	Number	 00000003h   
BUFFER_SIZE  . . . . . . . . . .	Text   	 512
CAPSLOCK_ON  . . . . . . . . . .	Number	 00000080h   
CREATE_ALWAYS  . . . . . . . . .	Number	 00000002h   
CREATE_NEW . . . . . . . . . . .	Number	 00000001h   
CTRL_MASK  . . . . . . . . . . .	Number	 0000000Ch   
CreateFile . . . . . . . . . . .	Text   	 CreateFileA
DO_NOT_SHARE . . . . . . . . . .	Number	 00000000h   
ENABLE_ECHO_INPUT  . . . . . . .	Number	 00000004h   
ENABLE_LINE_INPUT  . . . . . . .	Number	 00000002h   
ENABLE_MOUSE_INPUT . . . . . . .	Number	 00000010h   
ENABLE_PROCESSED_INPUT . . . . .	Number	 00000001h   
ENABLE_PROCESSED_OUTPUT  . . . .	Number	 00000001h   
ENABLE_WINDOW_INPUT  . . . . . .	Number	 00000008h   
ENABLE_WRAP_AT_EOL_OUTPUT  . . .	Number	 00000002h   
ENHANCED_KEY . . . . . . . . . .	Number	 00000100h   
FALSE  . . . . . . . . . . . . .	Number	 00000000h   
FILE_APPEND_DATA . . . . . . . .	Number	 00000004h   
FILE_ATTRIBUTE_ARCHIVE . . . . .	Number	 00000020h   
FILE_ATTRIBUTE_COMPRESSED  . . .	Number	 00000800h   
FILE_ATTRIBUTE_DEVICE  . . . . .	Number	 00000040h   
FILE_ATTRIBUTE_DIRECTORY . . . .	Number	 00000010h   
FILE_ATTRIBUTE_ENCRYPTED . . . .	Number	 00004000h   
FILE_ATTRIBUTE_HIDDEN  . . . . .	Number	 00000002h   
FILE_ATTRIBUTE_NORMAL  . . . . .	Number	 00000080h   
FILE_ATTRIBUTE_NOT_CONTENT_INDEXED .	Number	 00002000h   
FILE_ATTRIBUTE_OFFLINE . . . . .	Number	 00001000h   
FILE_ATTRIBUTE_READONLY  . . . .	Number	 00000001h   
FILE_ATTRIBUTE_REPARSE_POINT . .	Number	 00000400h   
FILE_ATTRIBUTE_SPARSE_FILE . . .	Number	 00000200h   
FILE_ATTRIBUTE_SYSTEM  . . . . .	Number	 00000004h   
FILE_ATTRIBUTE_TEMPORARY . . . .	Number	 00000100h   
FILE_BEGIN . . . . . . . . . . .	Number	 00000000h   
FILE_CURRENT . . . . . . . . . .	Number	 00000001h   
FILE_DELETE_CHILD  . . . . . . .	Number	 00000040h   
FILE_END . . . . . . . . . . . .	Number	 00000002h   
FILE_READ_DATA . . . . . . . . .	Number	 00000001h   
FILE_SHARE_DELETE  . . . . . . .	Number	 00000004h   
FILE_SHARE_READ  . . . . . . . .	Number	 00000001h   
FILE_SHARE_WRITE . . . . . . . .	Number	 00000002h   
FILE_WRITE_DATA  . . . . . . . .	Number	 00000002h   
FOCUS_EVENT  . . . . . . . . . .	Number	 00000010h   
FORMAT_MESSAGE_ALLOCATE_BUFFER .	Number	 00000100h   
FORMAT_MESSAGE_FROM_SYSTEM . . .	Number	 00001000h   
FormatMessage  . . . . . . . . .	Text   	 FormatMessageA
GENERIC_ALL  . . . . . . . . . .	Number	 10000000h   
GENERIC_EXECUTE  . . . . . . . .	Number	 20000000h   
GENERIC_READ . . . . . . . . . .	Number	 -80000000h   
GENERIC_WRITE  . . . . . . . . .	Number	 40000000h   
GetCommandLine . . . . . . . . .	Text   	 GetCommandLineA
HANDLE . . . . . . . . . . . . .	Text   	 DWORD
HEAP_GENERATE_EXCEPTIONS . . . .	Number	 00000004h   
HEAP_GROWABLE  . . . . . . . . .	Number	 00000002h   
HEAP_NO_SERIALIZE  . . . . . . .	Number	 00000001h   
HEAP_REALLOC_IN_PLACE_ONLY . . .	Number	 00000010h   
HEAP_ZERO_MEMORY . . . . . . . .	Number	 00000008h   
IDABORT  . . . . . . . . . . . .	Number	 00000003h   
IDCANCEL . . . . . . . . . . . .	Number	 00000002h   
IDCLOSE  . . . . . . . . . . . .	Number	 00000008h   
IDCONTINUE . . . . . . . . . . .	Number	 0000000Bh   
IDHELP . . . . . . . . . . . . .	Number	 00000009h   
IDIGNORE . . . . . . . . . . . .	Number	 00000005h   
IDNO . . . . . . . . . . . . . .	Number	 00000007h   
IDOK . . . . . . . . . . . . . .	Number	 00000001h   
IDRETRY  . . . . . . . . . . . .	Number	 00000004h   
IDTIMEOUT  . . . . . . . . . . .	Number	 00007D00h   
IDTRYAGAIN . . . . . . . . . . .	Number	 0000000Ah   
IDYES  . . . . . . . . . . . . .	Number	 00000006h   
INVALID_HANDLE_VALUE . . . . . .	Number	 -00000001h   
KBDOWN_FLAG  . . . . . . . . . .	Number	 00000001h   
KEY_EVENT  . . . . . . . . . . .	Number	 00000001h   
KEY_MASKS  . . . . . . . . . . .	Number	 0000001Fh   
LEFT_ALT_PRESSED . . . . . . . .	Number	 00000002h   
LEFT_CTRL_PRESSED  . . . . . . .	Number	 00000008h   
MAP_QTY  . . . . . . . . . . . .	Text   	 5
MB_ABORTRETRYIGNORE  . . . . . .	Number	 00000002h   
MB_APPLMODAL . . . . . . . . . .	Number	 00000000h   
MB_CANCELTRYCONTINUE . . . . . .	Number	 00000006h   
MB_DEFBUTTON1  . . . . . . . . .	Number	 00000000h   
MB_DEFBUTTON2  . . . . . . . . .	Number	 00000100h   
MB_DEFBUTTON3  . . . . . . . . .	Number	 00000200h   
MB_DEFBUTTON4  . . . . . . . . .	Number	 00000300h   
MB_HELP  . . . . . . . . . . . .	Number	 00004000h   
MB_ICONASTERISK  . . . . . . . .	Number	 00000040h   
MB_ICONERROR . . . . . . . . . .	Number	 00000010h   
MB_ICONEXCLAMATION . . . . . . .	Number	 00000030h   
MB_ICONHAND  . . . . . . . . . .	Number	 00000010h   
MB_ICONINFORMATION . . . . . . .	Number	 00000040h   
MB_ICONQUESTION  . . . . . . . .	Number	 00000020h   
MB_ICONSTOP  . . . . . . . . . .	Number	 00000010h   
MB_ICONWARNING . . . . . . . . .	Number	 00000030h   
MB_OKCANCEL  . . . . . . . . . .	Number	 00000001h   
MB_OK  . . . . . . . . . . . . .	Number	 00000000h   
MB_RETRYCANCEL . . . . . . . . .	Number	 00000005h   
MB_SYSTEMMODAL . . . . . . . . .	Number	 00001000h   
MB_TASKMODAL . . . . . . . . . .	Number	 00002000h   
MB_USERICON  . . . . . . . . . .	Number	 00000080h   
MB_YESNOCANCEL . . . . . . . . .	Number	 00000003h   
MB_YESNO . . . . . . . . . . . .	Number	 00000004h   
MENU_EVENT . . . . . . . . . . .	Number	 00000008h   
MOUSE_EVENT  . . . . . . . . . .	Number	 00000002h   
MessageBox . . . . . . . . . . .	Text   	 MessageBoxA
NULL . . . . . . . . . . . . . .	Number	 00000000h   
NUMLOCK_ON . . . . . . . . . . .	Number	 00000020h   
OPEN_ALWAYS  . . . . . . . . . .	Number	 00000004h   
OPEN_EXISTING  . . . . . . . . .	Number	 00000003h   
PeekConsoleInput . . . . . . . .	Text   	 PeekConsoleInputA
RIGHT_ALT_PRESSED  . . . . . . .	Number	 00000001h   
RIGHT_CTRL_PRESSED . . . . . . .	Number	 00000004h   
ReadConsoleInput . . . . . . . .	Text   	 ReadConsoleInputA
ReadConsole  . . . . . . . . . .	Text   	 ReadConsoleA
SCROLLLOCK_ON  . . . . . . . . .	Number	 00000040h   
SHIFT_MASK . . . . . . . . . . .	Number	 00000010h   
SHIFT_PRESSED  . . . . . . . . .	Number	 00000010h   
STD_ERROR_HANDLE . . . . . . . .	Number	 -0000000Ch   
STD_INPUT_HANDLE . . . . . . . .	Number	 -0000000Ah   
STD_OUTPUT_HANDLE  . . . . . . .	Number	 -0000000Bh   
SetConsoleTitle  . . . . . . . .	Text   	 SetConsoleTitleA
TAB  . . . . . . . . . . . . . .	Number	 00000009h   
TRUE . . . . . . . . . . . . . .	Number	 00000001h   
TRUNCATE_EXISTING  . . . . . . .	Number	 00000005h   
VK_11  . . . . . . . . . . . . .	Number	 000000BDh   
VK_12  . . . . . . . . . . . . .	Number	 000000BBh   
VK_ADD . . . . . . . . . . . . .	Number	 0000006Bh   
VK_BACK  . . . . . . . . . . . .	Number	 00000008h   
VK_CANCEL  . . . . . . . . . . .	Number	 00000003h   
VK_CAPITAL . . . . . . . . . . .	Number	 00000014h   
VK_CLEAR . . . . . . . . . . . .	Number	 0000000Ch   
VK_CONTROL . . . . . . . . . . .	Number	 00000011h   
VK_DECIMAL . . . . . . . . . . .	Number	 0000006Eh   
VK_DELETE  . . . . . . . . . . .	Number	 0000002Eh   
VK_DIVIDE  . . . . . . . . . . .	Number	 0000006Fh   
VK_DOWN  . . . . . . . . . . . .	Number	 00000028h   
VK_END . . . . . . . . . . . . .	Number	 00000023h   
VK_ESCAPE  . . . . . . . . . . .	Number	 0000001Bh   
VK_EXECUTE . . . . . . . . . . .	Number	 0000002Bh   
VK_F10 . . . . . . . . . . . . .	Number	 00000079h   
VK_F11 . . . . . . . . . . . . .	Number	 0000007Ah   
VK_F12 . . . . . . . . . . . . .	Number	 0000007Bh   
VK_F13 . . . . . . . . . . . . .	Number	 0000007Ch   
VK_F14 . . . . . . . . . . . . .	Number	 0000007Dh   
VK_F15 . . . . . . . . . . . . .	Number	 0000007Eh   
VK_F16 . . . . . . . . . . . . .	Number	 0000007Fh   
VK_F17 . . . . . . . . . . . . .	Number	 00000080h   
VK_F18 . . . . . . . . . . . . .	Number	 00000081h   
VK_F19 . . . . . . . . . . . . .	Number	 00000082h   
VK_F1  . . . . . . . . . . . . .	Number	 00000070h   
VK_F20 . . . . . . . . . . . . .	Number	 00000083h   
VK_F21 . . . . . . . . . . . . .	Number	 00000084h   
VK_F22 . . . . . . . . . . . . .	Number	 00000085h   
VK_F23 . . . . . . . . . . . . .	Number	 00000086h   
VK_F24 . . . . . . . . . . . . .	Number	 00000087h   
VK_F2  . . . . . . . . . . . . .	Number	 00000071h   
VK_F3  . . . . . . . . . . . . .	Number	 00000072h   
VK_F4  . . . . . . . . . . . . .	Number	 00000073h   
VK_F5  . . . . . . . . . . . . .	Number	 00000074h   
VK_F6  . . . . . . . . . . . . .	Number	 00000075h   
VK_F7  . . . . . . . . . . . . .	Number	 00000076h   
VK_F8  . . . . . . . . . . . . .	Number	 00000077h   
VK_F9  . . . . . . . . . . . . .	Number	 00000078h   
VK_HELP  . . . . . . . . . . . .	Number	 0000002Fh   
VK_HOME  . . . . . . . . . . . .	Number	 00000024h   
VK_INSERT  . . . . . . . . . . .	Number	 0000002Dh   
VK_LBUTTON . . . . . . . . . . .	Number	 00000001h   
VK_LCONTROL  . . . . . . . . . .	Number	 000000A2h   
VK_LEFT  . . . . . . . . . . . .	Number	 00000025h   
VK_LMENU . . . . . . . . . . . .	Number	 000000A4h   
VK_LSHIFT  . . . . . . . . . . .	Number	 000000A0h   
VK_MENU  . . . . . . . . . . . .	Number	 00000012h   
VK_MULTIPLY  . . . . . . . . . .	Number	 0000006Ah   
VK_NEXT  . . . . . . . . . . . .	Number	 00000022h   
VK_NUMLOCK . . . . . . . . . . .	Number	 00000090h   
VK_NUMPAD0 . . . . . . . . . . .	Number	 00000060h   
VK_NUMPAD1 . . . . . . . . . . .	Number	 00000061h   
VK_NUMPAD2 . . . . . . . . . . .	Number	 00000062h   
VK_NUMPAD3 . . . . . . . . . . .	Number	 00000063h   
VK_NUMPAD4 . . . . . . . . . . .	Number	 00000064h   
VK_NUMPAD5 . . . . . . . . . . .	Number	 00000065h   
VK_NUMPAD6 . . . . . . . . . . .	Number	 00000066h   
VK_NUMPAD7 . . . . . . . . . . .	Number	 00000067h   
VK_NUMPAD8 . . . . . . . . . . .	Number	 00000068h   
VK_NUMPAD9 . . . . . . . . . . .	Number	 00000069h   
VK_PAUSE . . . . . . . . . . . .	Number	 00000013h   
VK_PRINT . . . . . . . . . . . .	Number	 0000002Ah   
VK_PRIOR . . . . . . . . . . . .	Number	 00000021h   
VK_RBUTTON . . . . . . . . . . .	Number	 00000002h   
VK_RCONTROL  . . . . . . . . . .	Number	 000000A3h   
VK_RETURN  . . . . . . . . . . .	Number	 0000000Dh   
VK_RIGHT . . . . . . . . . . . .	Number	 00000027h   
VK_RMENU . . . . . . . . . . . .	Number	 000000A5h   
VK_RSHIFT  . . . . . . . . . . .	Number	 000000A1h   
VK_SCROLL  . . . . . . . . . . .	Number	 00000091h   
VK_SEPARATER . . . . . . . . . .	Number	 0000006Ch   
VK_SHIFT . . . . . . . . . . . .	Number	 00000010h   
VK_SNAPSHOT  . . . . . . . . . .	Number	 0000002Ch   
VK_SPACE . . . . . . . . . . . .	Number	 00000020h   
VK_SUBTRACT  . . . . . . . . . .	Number	 0000006Dh   
VK_TAB . . . . . . . . . . . . .	Number	 00000009h   
VK_UP  . . . . . . . . . . . . .	Number	 00000026h   
WINDOW_BUFFER_SIZE_EVENT . . . .	Number	 00000004h   
WriteConsoleOutputCharacter  . .	Text   	 WriteConsoleOutputCharacterA
WriteConsole . . . . . . . . . .	Text   	 WriteConsoleA
black  . . . . . . . . . . . . .	Number	 00000000h   
blue . . . . . . . . . . . . . .	Number	 00000001h   
brown  . . . . . . . . . . . . .	Number	 00000006h   
bytesWritten . . . . . . . . . .	DWord	 00000C6E _DATA	
charX  . . . . . . . . . . . . .	Byte	 00000C2E _DATA	
charY  . . . . . . . . . . . . .	Byte	 00000C2F _DATA	
char . . . . . . . . . . . . . .	Byte	 00000C30 _DATA	
consoleCursor  . . . . . . . . .	CONSOLE_CURSOR_INFO  00000016 _DATA	
consoleHandle  . . . . . . . . .	DWord	 00000C6A _DATA	
consoleSize  . . . . . . . . . .	SMALL_RECT  0000000E _DATA	
curMapNum  . . . . . . . . . . .	DWord	 00000C1E _DATA	
curMap . . . . . . . . . . . . .	Byte	 00000A1E _DATA	
cyan . . . . . . . . . . . . . .	Number	 00000003h   
endla  . . . . . . . . . . . . .	Byte	 00000C3A _DATA	
endld  . . . . . . . . . . . . .	Byte	 00000C3B _DATA	
endl . . . . . . . . . . . . . .	Text   	 0dh, 0ah
exit . . . . . . . . . . . . . .	Text   	 INVOKE ExitProcess,0
fileBuffer . . . . . . . . . . .	Byte	 0000001E _DATA	
fileHandle . . . . . . . . . . .	DWord	 00000C2A _DATA	
fileName . . . . . . . . . . . .	DWord	 00000C22 _DATA	
gameTitle  . . . . . . . . . . .	Byte	 00000000 _DATA	
gray . . . . . . . . . . . . . .	Number	 00000008h   
green  . . . . . . . . . . . . .	Number	 00000002h   
hline  . . . . . . . . . . . . .	Byte	 00000C4F _DATA	
inventory  . . . . . . . . . . .	Byte	 00000C3D _DATA	
inventtitle  . . . . . . . . . .	Byte	 00000C60 _DATA	
keyX . . . . . . . . . . . . . .	Byte	 00000C32 _DATA	
keyY . . . . . . . . . . . . . .	Byte	 00000C33 _DATA	
keysymbol  . . . . . . . . . . .	Byte	 00000C34 _DATA	
lightBlue  . . . . . . . . . . .	Number	 00000009h   
lightCyan  . . . . . . . . . . .	Number	 0000000Bh   
lightGray  . . . . . . . . . . .	Number	 00000007h   
lightGreen . . . . . . . . . . .	Number	 0000000Ah   
lightMagenta . . . . . . . . . .	Number	 0000000Dh   
lightRed . . . . . . . . . . . .	Number	 0000000Ch   
magenta  . . . . . . . . . . . .	Number	 00000005h   
red  . . . . . . . . . . . . . .	Number	 00000004h   
sharp  . . . . . . . . . . . . .	Byte	 00000C3C _DATA	
spaces . . . . . . . . . . . . .	DWord	 00000C47 _DATA	
stairX . . . . . . . . . . . . .	Byte	 00000C36 _DATA	
stairY . . . . . . . . . . . . .	Byte	 00000C37 _DATA	
stair  . . . . . . . . . . . . .	Byte	 00000C38 _DATA	
white  . . . . . . . . . . . . .	Number	 0000000Fh   
wsprintf . . . . . . . . . . . .	Text   	 wsprintfA
yellow . . . . . . . . . . . . .	Number	 0000000Eh   

	   0 Warnings
	   0 Errors
